05-27 17:03:02.252  1116  1116 I TrafficMonitor: count:810,rx_sum:19,tx_sum:124,rxBytes:863,during_ms:2003,rx_speed:430.8537194208687,tx_speed:88746.87968047928,rto:0.1532258064516129
05-27 17:03:02.252  1116  1116 D HuaweiWifiWatchdogStateMachine: speed: rxpkt:19, rxSpd:430B/s, txpkt:124, txSpd:88746
05-27 17:03:02.785  9437 11367 D Gallery2_Search: localized. sleep 2500
05-27 17:03:02.789  1116  7098 D PGGoogleServicePolicy: worksource has gms, prevent hold partial wakelock
05-27 17:03:02.801  1116  7098 I chatty  : uid=1000(system) Binder:1116_17 identical 1 line
05-27 17:03:02.807  1116  7098 D PGGoogleServicePolicy: worksource has gms, prevent hold partial wakelock
05-27 17:03:02.814   786   864 W libc    : Set property "persist.radio.nitz_hw_name" to ""
05-27 17:03:02.837   786   864 W libc    : Set property "ril.balong_cid" to "67749942"
05-27 17:03:02.876   786   864 W libc    : Set property "ril.balong_cid" to "0"
05-27 17:03:02.950  1116  1116 E hwintelligencewifi: onCellLocationChanged
05-27 17:03:02.952  1116  1523 D HwInnerWifiManagerImpl: SupplicantState = COMPLETED
05-27 17:03:02.959  1116  1523 D HwInnerWifiManagerImpl: isPhoneAP = false
05-27 17:03:02.960  1116  1523 D TelephonyManager: getCellLocation calling app is android
05-27 17:03:02.962  2100  2586 W PhoneInterfaceManager: shouldBlockLocation running ...
05-27 17:03:02.963  2100  2586 I PhoneInterfaceManager: shouldBlockLocation  ret:false
05-27 17:03:02.965  1116  1523 E hwintelligencewifi: getCurrentCellid type type = PHONE_TYPE_CDMA
05-27 17:03:02.965  1116  1523 E hwintelligencewifi: getCurrentCellid type is PHONE_TYPE_CDMA
05-27 17:03:02.965  1116  1523 E hwintelligencewifi: getCurrentCellid PHONE_TYPE_CDMA cellidString = 141741127461
05-27 17:03:02.965  1116  1523 E hwintelligencewifi: updataApInfo cellid =141741127461
05-27 17:03:02.965  1116  1523 E hwintelligencewifi: addCurrentApInfo cellid =141741127461
05-27 17:03:02.966  1116  1310 D SmartcareProc: CdmaCellLocationInfo:mBaseStationId: 27461mSystemId: 14174mNetworkId: 11
05-27 17:03:02.972  1116  1523 D hwintelligencewifi: getAuthType  networkId= 1 config.getAuthType() = 1
05-27 17:03:02.972  1116  1523 E hwintelligencewifi: addCurrentApInfo info is already there
05-27 17:03:02.972  1116  1523 W hwintelligencewifi: updateBssidTimer time = 1527411782972
05-27 17:03:02.979  3889  3889 D TelephonyManager: getAllCellInfo calling app is com.baidu.map.location
05-27 17:03:02.980  1116  1523 E hwintelligencewifi: inlineAddCurrentApInfo mInfos.size()=8
05-27 17:03:02.980  2100  2624 W PhoneInterfaceManager: shouldBlockLocation running ...
05-27 17:03:02.981  2100  2624 I PhoneInterfaceManager: shouldBlockLocation  ret:false
05-27 17:03:02.981  1116  1116 D WifiScanGenie_Controller: cellid has changed
05-27 17:03:02.982  3823  3823 I SUPL20_LocMan: onCellLocationChanged network type:13
05-27 17:03:02.982  1116  4212 D PGGoogleServicePolicy: worksource has gms, prevent hold partial wakelock
05-27 17:03:02.982  2100  2624 D WorkSource: i1=1 i2=0 N1=1: insert 10096 com.baidu.map.location
05-27 17:03:02.982  2100  2624 D WorkSource: Insert in WorkSource{10018 com.google.uid.shared:10018} @ 1 uid 10096 name com.baidu.map.location
05-27 17:03:02.985  1116  4212 E PowerManagerService: Exception when search wack lock :java.lang.IllegalArgumentException: Wake lock not active: android.os.BinderProxy@81d8654 from uid 1001
05-27 17:03:02.994  1116  1116 D WifiScanGenie_Controller: mCurrentCellId has Changed,try update
05-27 17:03:02.994  1116  1116 D WifiScanGenie_Controller: WifiScanGenie handleWiFiConnected, cellIdChanged:true
05-27 17:03:02.994  1116  1116 D HwInnerWifiManagerImpl: SupplicantState = COMPLETED
05-27 17:03:02.994  1116  1116 D HwInnerWifiManagerImpl: isPhoneAP = false
05-27 17:03:02.994  1116  1116 D WifiScanGenie_Controller: wifi connect,mCurrentPriority: 0
05-27 17:03:02.997  3823  3823 I SUPL20_LocMan: Phone type:CDMA
05-27 17:03:02.999  3823  3823 I SUPL20_LocMan: Network Op Mnc= 11 MCC = 460
05-27 17:03:02.999  3823  3823 I SUPL20_LocMan: cellInfo NetworkType:LTE,13
05-27 17:03:02.999  3823  3823 I SUPL20_LocMan: Network type is 4G, type is 13
05-27 17:03:02.999  3823  3823 I SUPL20_LTECellInfo: TelephonyManager class:android.telephony.TelephonyManager
05-27 17:03:03.000  3823  3823 D TelephonyManager: getAllCellInfo calling app is com.android.supl
05-27 17:03:03.004  2100  2586 W PhoneInterfaceManager: shouldBlockLocation running ...
05-27 17:03:03.005  2100  2586 I PhoneInterfaceManager: shouldBlockLocation  ret:false
05-27 17:03:03.008  1116  7098 D PGGoogleServicePolicy: worksource has gms, prevent hold partial wakelock
05-27 17:03:03.008  2100  2586 D WorkSource: i1=0 i2=0 N1=2: insert 1000 android.uid.system:1000
05-27 17:03:03.009  2100  2586 D WorkSource: Insert in WorkSource{10018 com.google.uid.shared:10018, 10096 com.baidu.map.location} @ 0 uid 1000 name android.uid.system:1000
05-27 17:03:03.009  1116  7098 E PowerManagerService: Exception when search wack lock :java.lang.IllegalArgumentException: Wake lock not active: android.os.BinderProxy@81d8654 from uid 1001
05-27 17:03:03.029  2100  2586 D WorkSource: i1=0 i2=0 N1=1: insert 1000 android.uid.system:1000
05-27 17:03:03.029  2100  2586 D WorkSource: Insert in WorkSource{10096 com.baidu.map.location} @ 0 uid 1000 name android.uid.system:1000
05-27 17:03:03.011  1116  7098 I chatty  : uid=1000(system) Binder:1116_17 identical 1 line
05-27 17:03:03.028  1116  7098 E PowerManagerService: Exception when search wack lock :java.lang.IllegalArgumentException: Wake lock not active: android.os.BinderProxy@81d8654 from uid 1001
05-27 17:03:03.030  1116  7812 W ProcBatteryStats: timer is running , not start, name: , uid: 10096, tag: RILJ
05-27 17:03:03.044  3823  3823 D TelephonyManager: getNeighboringCellInfo calling app is com.android.supl
05-27 17:03:03.045  1116  7812 W ProcBatteryStats: timer is not running , not stop, name: , uid: 10096, tag: RILJ
05-27 17:03:03.046  2100  2586 W PhoneInterfaceManager: shouldBlockLocation running ...
05-27 17:03:03.046  2100  2586 I PhoneInterfaceManager: shouldBlockLocation  ret:false
05-27 17:03:03.048  3823  3823 I SUPL20_LTECellInfo: neighborCellInfoList size: 0
05-27 17:03:03.048  3823  3823 I SUPL20_LTECellInfo: start to get lte cell info
05-27 17:03:03.048  3823  3823 I SUPL20_LTECellInfo: cellinfo list size: 11
05-27 17:03:03.048  3823  3823 I SUPL20_LTECellInfo: ucRSRPResult:40, ucRSRQResult:16
05-27 17:03:03.048  3823  3823 I SUPL20_LTECellInfo: usMeasResultRSRP:42, usMeasResultRSRQ:14
05-27 17:03:03.049  3823  3823 I SUPL20_LTECellInfo: usMeasResultRSRP:41, usMeasResultRSRQ:12
05-27 17:03:03.049  3823  3823 I SUPL20_LTECellInfo: usMeasResultRSRP:20, usMeasResultRSRQ:14
05-27 17:03:03.049  3823  3823 I SUPL20_LTECellInfo: usMeasResultRSRP:18, usMeasResultRSRQ:12
05-27 17:03:03.049  3823  3823 I SUPL20_LTECellInfo: listMRLEUTRA size: 4
05-27 17:03:03.049  3823  3823 I SUPL20_LocMan: LTE data send..66
05-27 17:03:03.062   542   542 D HISUPL_ADAPTER: platform_service send data to server
05-27 17:03:03.063   542   542 D HISUPL_ADAPTER: size:110
05-27 17:03:03.063  3823  4428 I SUPLHIDL: suplPlatformServiceSend2server send.
05-27 17:03:03.064  3823  4428 I SUPL20_SPIMESLP-SENDING: bBrokenPipe = false
05-27 17:03:03.258  1116  1116 I TrafficMonitor: update:rxPkts:10,txPkts:43,rxBytes:722,txBytes:60216
05-27 17:03:03.261  1116  1116 I TrafficMonitor: start expired. level:-1
05-27 17:03:03.262  1116  1116 I TrafficMonitor: gettimer:interval=2000
05-27 17:03:03.387  1116  1455 D HwWifiStatStore: handleMessage : 200
05-27 17:03:03.478  1565  1565 I NetworkSpeedManagerEx: mIsStop = false
05-27 17:03:03.478  1565  1737 I NetworkSpeedManagerEx:  runInThread getTetherStats
05-27 17:03:03.484  1565  1565 I NetworkSpeedManagerEx:  runInUI refreshSpeed
05-27 17:03:03.496  1565  1565 I NetworkSpeedManagerEx: value=38219.332speed = 37.3
05-27 17:03:03.496  1565  1565 I NetworkSpeedManagerEx: K/smIsShowLastSpeedValuefalse
05-27 17:03:03.496  1565  1565 I NetworkSpeedView: /update(), speed=37.3
05-27 17:03:03.496  1565  1565 I NetworkSpeedView: K/s parent class:class com.android.systemui.statusbar.HwSystemIcons
05-27 17:03:03.602  1565  1565 I NetworkSpeedManagerEx: mIsStop = false
05-27 17:03:03.605  1565  1737 I NetworkSpeedManagerEx:  runInThread getTetherStats
05-27 17:03:03.610  1565  1565 I NetworkSpeedManagerEx:  runInUI refreshSpeed
05-27 17:03:03.615  1565  1565 I NetworkSpeedManagerEx: value=34766.0speed = 34
05-27 17:03:03.615  1565  1565 I NetworkSpeedManagerEx: K/smIsShowLastSpeedValuefalse
05-27 17:03:03.616  1565  1565 I NetworkSpeedView: /update(), speed=34
05-27 17:03:03.616  1565  1565 I NetworkSpeedView: K/s parent class:class com.android.systemui.statusbar.HwSystemIcons
05-27 17:03:04.407  1116  1511 D HwArpVerifier: performPollAndLog:
05-27 17:03:04.414  1116  1511 D hw_netstat: total/1040/238016,android.uid.phone:1001/1040/238016
05-27 17:03:04.667   560   560 E WifiHAL : enter wifi_get_link_stats
05-27 17:03:04.678   614   614 E wificond: Failed to get NL80211_RATE_INFO_NOISE
05-27 17:03:04.678   614   614 E wificond: Failed to get NL80211_RATE_INFO_SNR
05-27 17:03:04.678   614   614 E wificond: Failed to get NL80211_STA_INFO_CNAHLOAD
05-27 17:03:04.680  1116  1454 E WificondControl: Noise: 0, Snr: -1, Chload: -1
05-27 17:03:04.681  1116  1456 D HwWifiCHRStateManager: handleMessage : 1001
05-27 17:03:04.681  1116  1456 D HwWifiCHRStateManager: handleUpdateChannel:2462
05-27 17:03:04.681  1116  1456 V HwWifiServiceFactory: get AllImpl object = com.android.server.wifi.HwWifiServiceFactoryImpl@d4707e9
05-27 17:03:04.682  1116  1454 D WifiScoreReport: Score = 100, wifiConnectivityManagerEnabled = false, lowScoreCount = 0
05-27 17:03:04.788  1565  1565 D NetWorkUtils: mVSimCurCardType is -1
05-27 17:03:04.806  1565  1565 I chatty  : uid=10029(u0_a29) com.android.systemui identical 2 lines
05-27 17:03:04.809  1565  1565 D NetWorkUtils: mVSimCurCardType is -1
05-27 17:03:05.273  1116  1116 I TrafficMonitor: update:rxPkts:3,txPkts:1,rxBytes:442,txBytes:40
05-27 17:03:05.273  1116  1310 D SmartcareProc: onSignalStrengthsChanged: signalStrength is: SignalStrength: 0 -1 0 255 -81 -125 32767 -1 32767 99 -99 -11 -5 2147483647 0 -1 true gw|lte , on sub: 0
05-27 17:03:05.273  1116  1116 I TrafficMonitor: start expired. level:-1
05-27 17:03:05.273  1116  1310 D SmartcareProc: SignalStrength update result, ss: SignalStrengthInfo:239425186 mGsmSignalStrength: -1 mWcdmaRscp: -1 mWcdmaEcio: 255 mLteRsrp: -99 mLteRsrq: -11 mCdmaDbm: -81 mCdmaEcio: -125 mEvdoDbm: 32767mEvdoEcio: -1mLteRssnr: -5
05-27 17:03:05.273  1116  1116 I TrafficMonitor: gettimer:interval=2000
05-27 17:03:05.273  1116  1116 I MQoS    : onSignal: mSubId=0,currDataSubID=0
05-27 17:03:05.273  1116  1116 I MQoS    : received cell-signal:5
05-27 17:03:05.295  1565  1737 I HwMobileSignalController(0): subId:0 phoneType:2 networktype:13 targetClass:3 masterLevel:4 slaveLevel:5
05-27 17:03:05.576  9437 11367 D Gallery2_Search: localized. sleep 2500
05-27 17:03:05.788  1565  1565 D NetWorkUtils: mVSimCurCardType is -1
05-27 17:03:05.801  1565  1565 I chatty  : uid=10029(u0_a29) com.android.systemui identical 2 lines
05-27 17:03:05.804  1565  1565 D NetWorkUtils: mVSimCurCardType is -1
05-27 17:03:06.391  1116  1455 D HwWifiStatStore: handleMessage : 200
05-27 17:03:06.421   614   614 E wificond: Failed to get NL80211_RATE_INFO_NOISE
05-27 17:03:06.422   614   614 E wificond: Failed to get NL80211_RATE_INFO_SNR
05-27 17:03:06.422   614   614 E wificond: Failed to get NL80211_STA_INFO_CNAHLOAD
05-27 17:03:06.422  1116  1454 E WificondControl: Noise: 0, Snr: -1, Chload: -1
05-27 17:03:06.423  1116  1456 D HwWifiCHRStateManager: handleMessage : 1001
05-27 17:03:06.423  1116  1456 D HwWifiCHRStateManager: handleUpdateChannel:2462
05-27 17:03:06.423  1116  1456 V HwWifiServiceFactory: get AllImpl object = com.android.server.wifi.HwWifiServiceFactoryImpl@d4707e9
05-27 17:03:06.426   614   614 E wificond: Failed to get NL80211_RATE_INFO_NOISE
05-27 17:03:06.427   614   614 E wificond: Failed to get NL80211_RATE_INFO_SNR
05-27 17:03:06.427   614   614 E wificond: Failed to get NL80211_STA_INFO_CNAHLOAD
05-27 17:03:06.428  1116  1525 D HuaweiWifiWatchdogStateMachine: LM mrssi=-31
05-27 17:03:06.428  1116  1525 D HuaweiWifiWatchdogStateMachine: bc:d1:**:**:b0:1c current loss[-45]=0%, volume=377
05-27 17:03:06.428  1116  1525 D HuaweiWifiWatchdogStateMachine: bc:d1:**:**:b0:1c history loss[-45]=0%, volume=2302237
05-27 17:03:06.429  1116  1525 I HuaweiWifiWatchdogStateMachine: spd good count:0, add sc:0.0, rate:1.0
05-27 17:03:06.429  1116  1525 I HuaweiWifiWatchdogStateMachine: current mHighDataFlowRate = 1.0
05-27 17:03:06.429  1116  1525 I HuaweiWifiWatchdogStateMachine: POta txb txg rxg:0, 377, 0. Lr =0% Totpkt=377
05-27 17:03:06.429  1116  1116 D WiFi_PRO: MSG_RETURN_AP_CURRY_RSSI rssi = -31
05-27 17:03:06.430  1116  1116 I QosMonitor: queryRtt: rtt_type = 3
05-27 17:03:06.430  1116  1116 I HwQoEJNI: send_cmd_kernel. begin
05-27 17:03:06.430  1116  1116 I HwQoEJNI: send_cmd_kernel. end
05-27 17:03:06.430  1116  1116 I QosMonitor: postEventFromNative: msg=100,arg1=4,arg2=10
05-27 17:03:06.430  1116  1116 I HwQoEJNI: send_cmd_kernel. begin
05-27 17:03:06.430  1116  1116 I HwQoEJNI: send_cmd_kernel. end
05-27 17:03:06.431  1116  1116 I QosMonitor: postEventFromNative: msg=100,arg1=0,arg2=10
05-27 17:03:06.432  1116  1116 D HuaweiWifiWatchdogStateMachine: bc:d1:**:**:b0:1c current RTT[-45]=400, volume=31
05-27 17:03:06.432  1116  1116 D HuaweiWifiWatchdogStateMachine: bc:d1:**:**:b0:1c history RTT[-45]=262, volume=155122
05-27 17:03:06.432  1116  1116 D HuaweiWifiWatchdogStateMachine: setSampleRtt: rtt=400,rtt_pkts =31,rtt_when=4
05-27 17:03:06.432  1116  1116 I MQoS    : rtt=304,tcp_tx_pkts=89482,tcp_rx_pkts=71862
05-27 17:03:06.432  1116  1116 I QosMonitor: resetRtt: rtt_type = 3
05-27 17:03:06.432  1116  1116 I HwQoEJNI: send_cmd_kernel. begin
05-27 17:03:06.433  1116  1116 I HwQoEJNI: send_cmd_kernel. end
05-27 17:03:06.434  1116  1525 D HuaweiWifiWatchdogStateMachine: dumpTcpResult: len=10,rtt=304,rttPkt=118,rttWn=4,cgt=0,cgtWn=0
05-27 17:03:06.434  1116  1525 I HuaweiWifiWatchdogStateMachine: PTcp RTT:304, rtt pkt=118, tcp_rx=45, tcp_tx=377, tcp_reTran=0, rtRate=0
05-27 17:03:06.434  1116  1525 D HuaweiWifiWatchdogStateMachine: isRttGood is good, AvgRtt = 304, TotPkt = 118
05-27 17:03:06.434  1116  1525 D HuaweiWifiWatchdogStateMachine: mRssiBadCount =0, RSSI not bad.
05-27 17:03:06.434  1116  1525 I HuaweiWifiWatchdogStateMachine:  pkt chk not bad, reset sc to 0.
05-27 17:03:06.434  1116  1525 I HuaweiWifiWatchdogStateMachine: net speed good
05-27 17:03:06.434  1116  2893 D HwUidTcpMonitor: parseWlanUidTcpStatistics lastUidTcpStatInfo = [ mUid = 1001 mPacketName = android.uid.phone:1001 mSendSegs = 37794 mResendSegs = 16 mRcvSegs = 7903 ]
05-27 17:03:06.435  1116  1525 D HuaweiWifiWatchdogStateMachine: bqeLevel = 3 rtt=304,rtt_pkts=118 speed=430 rssi=-31
05-27 17:03:06.435  1116  1525 D HuaweiWifiWatchdogStateMachine: Enter updateQoeLevel level = 3
05-27 17:03:06.435  1116  1525 D HuaweiWifiWatchdogStateMachine: updateQoeLevel current level equal to mLastDetectLevel, return
05-27 17:03:06.435  1116  1525 D HuaweiWifiWatchdogStateMachine: ### mPktChkBadCnt=0
05-27 17:03:06.441  1116  5384 I MQoS    : QOS_level:5(5),wifi-link;use signalLvl:5;RAT:4G
05-27 17:03:06.499  1565  1565 I NetworkSpeedManagerEx: mIsStop = false
05-27 17:03:06.499  1565  1737 I NetworkSpeedManagerEx:  runInThread getTetherStats
05-27 17:03:06.507  1565  1565 I NetworkSpeedManagerEx:  runInUI refreshSpeed
05-27 17:03:06.511  1565  1565 I NetworkSpeedManagerEx: value=198.0speed = 198
05-27 17:03:06.511  1565  1565 I NetworkSpeedManagerEx: B/smIsShowLastSpeedValuefalse
05-27 17:03:06.511  1565  1565 I NetworkSpeedView: /update(), speed=198
05-27 17:03:06.511  1565  1565 I NetworkSpeedView: B/s parent class:class com.android.systemui.statusbar.HwSystemIcons
05-27 17:03:06.617  1565  1565 I NetworkSpeedManagerEx: mIsStop = false
05-27 17:03:06.619  1565  1737 I NetworkSpeedManagerEx:  runInThread getTetherStats
05-27 17:03:06.623  1565  1565 I NetworkSpeedManagerEx:  runInUI refreshSpeed
05-27 17:03:06.625  1565  1565 I NetworkSpeedManagerEx: value=171.33333speed = 171
05-27 17:03:06.625  1565  1565 I NetworkSpeedManagerEx: B/smIsShowLastSpeedValuefalse
05-27 17:03:06.625  1565  1565 I NetworkSpeedView: /update(), speed=171
05-27 17:03:06.625  1565  1565 I NetworkSpeedView: B/s parent class:class com.android.systemui.statusbar.HwSystemIcons
