--------- beginning of main
05-27 17:02:52.590   560   560 E WifiHAL : enter wifi_get_link_stats
--------- beginning of system
05-27 17:02:52.608   614   614 E wificond: Failed to get NL80211_RATE_INFO_NOISE
05-27 17:02:52.608   614   614 E wificond: Failed to get NL80211_RATE_INFO_SNR
05-27 17:02:52.608   614   614 E wificond: Failed to get NL80211_STA_INFO_CNAHLOAD
05-27 17:02:52.608  1116  1454 E WificondControl: Noise: 0, Snr: -1, Chload: -1
05-27 17:02:52.609  1116  1456 D HwWifiCHRStateManager: handleMessage : 1001
05-27 17:02:52.609  1116  1456 D HwWifiCHRStateManager: handleUpdateChannel:2462
05-27 17:02:52.609  1116  1456 V HwWifiServiceFactory: get AllImpl object = com.android.server.wifi.HwWifiServiceFactoryImpl@d4707e9
05-27 17:02:52.612  1116  1454 D WifiScoreReport: Score = 100, wifiConnectivityManagerEnabled = false, lowScoreCount = 0
05-27 17:02:52.720  1565  1565 D NetWorkUtils: mVSimCurCardType is -1
05-27 17:02:53.243  1116  1975 W Watchdog: hungtask: writing kick
05-27 17:02:52.750  1565  1565 I chatty  : uid=10029(u0_a29) com.android.systemui identical 2 lines
05-27 17:02:52.758  1565  1565 D NetWorkUtils: mVSimCurCardType is -1
05-27 17:02:53.246  1116  1116 I TrafficMonitor: update:rxPkts:5,txPkts:5,rxBytes:1421,txBytes:896
05-27 17:02:53.246  1116  1116 I TrafficMonitor: start expired. level:-1
05-27 17:02:53.246  1116  1116 I TrafficMonitor: gettimer:interval=2000
05-27 17:02:53.249  1116  1307 I EventHub: EventHub monitor: no key events in the past 1680s, no motion events in the past 58s
05-27 17:02:53.451  1116  1511 D HwArpVerifier: performPollAndLog:
05-27 17:02:53.459  1116  1511 D hw_netstat: total/1501/976,com.tencent.mm/1381/896,android.uid.phone:1001/80/80,unknown:0/40/0
05-27 17:02:53.720  1565  1565 D NetWorkUtils: mVSimCurCardType is -1
05-27 17:02:53.723  1565  1565 D NetWorkUtils: mVSimCurCardType is -1
05-27 17:02:53.724  1565  1565 W ResourceType: No package identifier when getting value for resource number 0x00000000
05-27 17:02:53.724  1565  1565 E HwNotchUtils: setIconForView iconId is not found
05-27 17:02:53.735  1565  1565 D NetWorkUtils: mVSimCurCardType is -1
05-27 17:02:53.737  1565  1565 D NetWorkUtils: mVSimCurCardType is -1
05-27 17:02:53.739  1565  1565 W ResourceType: No package identifier when getting value for resource number 0x00000000
05-27 17:02:53.739  1565  1565 E HwNotchUtils: setIconForView iconId is not found
05-27 17:02:53.951   603  3430 D DE N ACA: updateParam:145: mFilteredCct = 6829.333496, mAscendDeltaCctMax = 1000.000000, mDescendDeltaCctMax = 994.311096
05-27 17:02:53.951   603  3430 D DE N SR : setAmbientParam:938: DE_SCENE_ACTION_AMBIENT_CHANGE set mLux:87 mCt:6829
05-27 17:02:53.951   603  1497 D DE N HWC: onNotify:122: set FEATURE_CONTRAST mAmbientLux:87
05-27 17:02:53.952   603  1497 D DE N HW : setEffect:71: FEATURE_CONTRAST mode:0x23 size:4
05-27 17:02:53.952   547   547 D DE H DE : setHardwareEffect:212: FEATURE_CONTRAST 0x23
05-27 17:02:54.367  1116  1455 D HwWifiStatStore: handleMessage : 200
05-27 17:02:54.425  1565  1565 I NetworkSpeedManagerEx: mIsStop = false
05-27 17:02:54.425  1565  1737 I NetworkSpeedManagerEx:  runInThread getTetherStats
05-27 17:02:54.429  1565  1565 I NetworkSpeedManagerEx:  runInUI refreshSpeed
05-27 17:02:54.431  1565  1565 I NetworkSpeedManagerEx: value=772.3333speed = 772
05-27 17:02:54.431  1565  1565 I NetworkSpeedManagerEx: B/smIsShowLastSpeedValuefalse
05-27 17:02:54.431  1565  1565 I NetworkSpeedView: /update(), speed=772
05-27 17:02:54.431  1565  1565 I NetworkSpeedView: B/s parent class:class com.android.systemui.statusbar.HwSystemIcons
05-27 17:02:54.542  3510 11327 I CloudAlbum[8.1.2.303]: [OperationUtil] isAutoUploadAllow pass: /DCIM/Camera
05-27 17:02:54.544  3510 11327 D UploadAsyncCallable: total:84300822,bytes:55443456
05-27 17:02:54.554  1565  1565 I NetworkSpeedManagerEx: mIsStop = false
05-27 17:02:54.557  1565  1737 I NetworkSpeedManagerEx:  runInThread getTetherStats
05-27 17:02:54.558  1565  1565 I NetworkSpeedManagerEx:  runInUI refreshSpeed
05-27 17:02:54.580  1565  1565 I NetworkSpeedManagerEx: value=46297.668speed = 45.2
05-27 17:02:54.580  1565  1565 I NetworkSpeedManagerEx: K/smIsShowLastSpeedValuefalse
05-27 17:02:54.580  1565  1565 I NetworkSpeedView: /update(), speed=45.2
05-27 17:02:54.580  1565  1565 I NetworkSpeedView: K/s parent class:class com.android.systemui.statusbar.HwSystemIcons
05-27 17:02:54.741  1565  1565 D NetWorkUtils: mVSimCurCardType is -1
05-27 17:02:54.743  1565  1565 I chatty  : uid=10029(u0_a29) com.android.systemui identical 2 lines
05-27 17:02:54.744  1565  1565 D NetWorkUtils: mVSimCurCardType is -1
05-27 17:02:55.090  1116  1116 I MQoS    : onSignal: mSubId=0,currDataSubID=0
05-27 17:02:55.098  1116  1310 D SmartcareProc: SignalStrength update result, ss: SignalStrengthInfo:239425186 mGsmSignalStrength: -1 mWcdmaRscp: -1 mWcdmaEcio: 255 mLteRsrp: -99 mLteRsrq: -11 mCdmaDbm: -80 mCdmaEcio: -137 mEvdoDbm: 32767mEvdoEcio: -1mLteRssnr: -5
05-27 17:02:55.099  1116  1116 I MQoS    : received cell-signal:5
05-27 17:02:55.102  1565  1737 I HwMobileSignalController(0): subId:0 phoneType:2 networktype:13 targetClass:3 masterLevel:4 slaveLevel:5
05-27 17:02:55.248  1116  1116 I TrafficMonitor: update:rxPkts:27,txPkts:139,rxBytes:1080,txBytes:204280
05-27 17:02:55.248  1116  1116 I TrafficMonitor: start expired. level:-1
05-27 17:02:55.248  1116  1116 I TrafficMonitor: gettimer:interval=2000
05-27 17:02:55.616   560   560 E WifiHAL : enter wifi_get_link_stats
05-27 17:02:55.630   614   614 E wificond: Failed to get NL80211_RATE_INFO_NOISE
05-27 17:02:55.631   614   614 E wificond: Failed to get NL80211_RATE_INFO_SNR
05-27 17:02:55.631   614   614 E wificond: Failed to get NL80211_STA_INFO_CNAHLOAD
05-27 17:02:55.632  1116  1454 E WificondControl: Noise: 0, Snr: -1, Chload: -1
05-27 17:02:55.635  1116  1456 D HwWifiCHRStateManager: handleMessage : 1001
05-27 17:02:55.636  1116  1456 D HwWifiCHRStateManager: handleUpdateChannel:2462
05-27 17:02:55.636  1116  1456 V HwWifiServiceFactory: get AllImpl object = com.android.server.wifi.HwWifiServiceFactoryImpl@d4707e9
05-27 17:02:55.637  1116  1454 D WifiScoreReport: Score = 100, wifiConnectivityManagerEnabled = false, lowScoreCount = 0
05-27 17:02:56.099  1116  1441 D libfingersense_wrapper: Calling fingersense_classify_touch()
05-27 17:02:56.108  1116  1441 D libfingersense_wrapper: fingersense_classify_touch() finished
05-27 17:02:56.117  9065  9065 D Gallery2_Common_ListSlotView: action_down: pressure value:0.29411766
05-27 17:02:56.187  9065 11220 I Gallery2_Common_GLRootView: layout content pane 1440x2560 (compensation 0)
05-27 17:02:56.225  9065 11220 I Gallery2_Common_GLRootView: layout content pane 1440x2560 (compensation 0)
05-27 17:02:56.245  1116  1116 I TrafficMonitor: expired arrive. level:-1
05-27 17:02:56.246  1116  1116 I TrafficMonitor: during_ms:2003,period_ms:2000
05-27 17:02:56.247  1116  1116 I TrafficMonitor: count:807,rx_sum:27,tx_sum:139,rxBytes:1080,during_ms:2003,rx_speed:539.1912131802296,tx_speed:101987.0194707938,rto:0.19424460431654678
05-27 17:02:56.247  1116  1116 D HuaweiWifiWatchdogStateMachine: speed: rxpkt:27, rxSpd:539B/s, txpkt:139, txSpd:101987
05-27 17:02:56.260  9065 11220 I Gallery2_Common_GLRootView: layout content pane 1440x2560 (compensation 0)
05-27 17:02:56.284  9065 11220 I Gallery2_Common_GLRootView: layout content pane 1440x2560 (compensation 0)
05-27 17:02:56.293  1116  1441 D libfingersense_wrapper: Calling fingersense_touch_up()
05-27 17:02:56.293  1116  1441 D libfingersense_wrapper: fingersense_touch_up() finished
05-27 17:02:56.299  9065 11220 I Gallery2_Common_GLRootView: layout content pane 1440x2560 (compensation 0)
05-27 17:02:56.313  9065 11220 I Gallery2_Common_GLRootView: layout content pane 1440x2560 (compensation 0)
05-27 17:02:56.324  9065  9065 V photoshareLogTag: onScrollOverDone
05-27 17:02:56.331  3510 11336 I CloudAlbum[8.1.2.303]: [AlbumServiceLogic] refreshAlbum begin
05-27 17:02:56.332  9065 11220 I Gallery2_Common_GLRootView: layout content pane 1440x2560 (compensation 0)
05-27 17:02:56.341  9065 11220 I Gallery2_Common_GLRootView: layout content pane 1440x2560 (compensation 0)
05-27 17:02:56.346  3510  9816 I CloudAlbum[8.1.2.303]: [AlbumInfoAsyncCallable] call sync general album: null, traceId: 04001_01_1527411776_81819207
05-27 17:02:56.346  3510  9217 I CloudAlbum[8.1.2.303]: [SeparateTaskCallable] Execute SeparateTaskCallable TaskType:reportSyncType
05-27 17:02:56.357  3510  3510 I hisync.CommonReceiver: Receive broadcast, action=com.huawei.hicloud.intent.action.ALBUM_SYNC_NOTIFY
05-27 17:02:56.358  3510  3510 I hisync.CommonReceiver: ACTION_ALBUM_SYNC_NOTIFY
05-27 17:02:56.358  3510  3510 I hisync.HiCloudNotification: executeFromAlbum
05-27 17:02:56.358  3510  3510 I hisync.HiCloudNotification: checkNotifyModuleEnable isInRedList=false
05-27 17:02:56.359  3510  9816 I CloudAlbum[8.1.2.303]: [CGStatusUtil] set sync status:910
05-27 17:02:56.360  3510  3510 I hisync.CBPushHandlerThread: doTask
05-27 17:02:56.360  3510  3510 I hisync.HiCloudNotification: send cmd: 6
05-27 17:02:56.360  3510  4652 I hisync.CBPushHandlerThread: exeCmdCheckRuleForAlbum
05-27 17:02:56.360  3510  4652 I hisync.NotificationConfigManager: getConfigFromFile
05-27 17:02:56.360  3510  4652 I hisync.HNCloudConfig: isExist
05-27 17:02:56.361  3510  4652 I hisync.HNCloudConfig: getConfigFromFile
05-27 17:02:56.364  9065 11220 I Gallery2_Common_GLRootView: layout content pane 1440x2560 (compensation 0)
05-27 17:02:56.365  3510  4652 I hisync.Util: read local config str success
05-27 17:02:56.374  3510  9816 I CloudAlbum[8.1.2.303]: [FVersionQueryRequest] type: 0
05-27 17:02:56.377  9065 11220 I Gallery2_Common_GLRootView: layout content pane 1440x2560 (compensation 0)
05-27 17:02:56.387  2080  2099 I PGServer: android calls fast hibernateApps
05-27 17:02:56.387  2080  2099 I AppFastHibernation: fast hibernate duration: 1500 reason: skippedframe
05-27 17:02:56.389  9065 11220 I Gallery2_Common_GLRootView: layout content pane 1440x2560 (compensation 0)
05-27 17:02:56.396   489 11361 W libc    : Set property "hw.wifi.dns_stat" to "136,16,58,1,1187"
05-27 17:02:56.398   619  3393 I Pged-IPgedBinderService: ****action is 1, pid num is 3***
05-27 17:02:56.398   619  3393 I Pged-Freezer: freezePids
05-27 17:02:56.398   619  3393 I Pged-Freezer: Freeze process: 11186
05-27 17:02:56.401   619  3393 I Pged-Freezer: Freeze process: 9730
05-27 17:02:56.402  9065 10072 V Gallery2_cloud_PhotoShareUtils: msg 7040
05-27 17:02:56.402  9065 10072 D CloudLocalSyncService: --schedule-- start cloud sync
05-27 17:02:56.402  9065 10072 D CloudLocalSyncService: --schedule-- stop child service
05-27 17:02:56.407  3510  4652 I hisync.CBPushHandlerThread: config not null
05-27 17:02:56.407  3510  4652 I hisync.CBPushHandlerThread: contryCode=CN
05-27 17:02:56.407  3510  4652 I hisync.CBPushHandlerThread: contry code CN
05-27 17:02:56.407  3510  4652 I hisync.CloudSpaceNotifyUtil: notifyCloudSpace contryCode = CN
05-27 17:02:56.407  9065 10072 D Gallery2_Search: stop search servcie
05-27 17:02:56.416  2080  2293 D PgedBinderAdapter: frz ok, pid: [11186, 9730]
05-27 17:02:56.417  9065 11220 I Gallery2_Common_GLRootView: layout content pane 1440x2560 (compensation 0)
05-27 17:02:56.425  9065 11220 I Gallery2_Common_GLRootView: layout content pane 1440x2560 (compensation 0)
05-27 17:02:56.435  3510  4652 I hisync.HNUtil: time=1527411776428 week=21 day=27 month=4 year=2018
05-27 17:02:56.435  3510  4652 I hisync.CloudSpaceNotifyHelper: config everyDayMax=1, everyWeekMax=-1, everyMonthMax=-1
05-27 17:02:56.436  3510  4652 I hisync.CloudSpaceNotifyHelper: queryCountByDay = 0
05-27 17:02:56.439  3510  4652 I hisync.OpenGWService: https://openapi1.dbank.com/rest.php nsp.user.getInfo x-hw-trace-id =  00000_01_1527411776_32102821
05-27 17:02:56.443  9065 11220 I Gallery2_Common_GLRootView: layout content pane 1440x2560 (compensation 0)
05-27 17:02:56.466  3510  9217 I HiAnalytics: [2018-05-27 17:02:56.464 I/hianalytics/HiAnalytics 3510:202 null:4] HiAnalytics.onEvent(int type, String eventId, Map<String, String> mapValue) is execute.
05-27 17:02:56.471   594   703 D emcomd  : [EMCOMD_NET] parse_dns_tlv# ip num is exceed 10
05-27 17:02:56.472  3510 11336 I CloudAlbum[8.1.2.303]: [OperationUtil] isAutoUploadAllow pass: /DCIM/Camera
05-27 17:02:56.472  3510 11336 I CloudAlbum[8.1.2.303]: [OperationUtil] no need to limit
05-27 17:02:56.474   594   703 D emcomd  : [EMCOMD_NET] parse_dns_tlv# ip num is exceed 10
05-27 17:02:56.474  1116  7098 I ActivityManager: Killing 9730:com.huawei.appmarket/u0a98 (adj 906): empty for 1800s
05-27 17:02:56.477  3510 11336 I CloudAlbum[8.1.2.303]: [UploadPhoto] autoUploadToCloud, fileUpType: /DCIM/Camera
05-27 17:02:56.478  3510 11336 I CloudAlbum[8.1.2.303]: [OperationUtil] no need to limit
05-27 17:02:56.478  2080  2372 I AppFastHibernation: wakeup 9730 for process died
05-27 17:02:56.482   619  3393 I Pged-IPgedBinderService: ****action is 2, pid num is 2***
05-27 17:02:56.482  9065 11220 I Gallery2_Common_GLRootView: layout content pane 1440x2560 (compensation 0)
05-27 17:02:56.482   619  3393 I Pged-Freezer: thawPids
05-27 17:02:56.490  3510 11336 I CloudAlbum[8.1.2.303]: [UploadPhoto] autoUpload query local preFileList end!
05-27 17:02:56.490  3510 11336 I CloudAlbum[8.1.2.303]: [UploadPhoto] execUpload
05-27 17:02:56.490  2080  2293 D PgedBinderAdapter: unfrz ok, pid: [9730]
05-27 17:02:56.491  3510 11336 I CloudAlbum[8.1.2.303]: [FileInfoOperator] query4Vo
05-27 17:02:56.501  9065 11220 I Gallery2_Common_GLRootView: layout content pane 1440x2560 (compensation 0)
05-27 17:02:56.513  9065 11220 I chatty  : uid=10021(u0_a21) GLThread 481 identical 1 line
05-27 17:02:56.522  9065 11220 I Gallery2_Common_GLRootView: layout content pane 1440x2560 (compensation 0)
05-27 17:02:56.524  3510 11327 I CloudAlbum[8.1.2.303]: [OperationUtil] isAutoUploadAllow pass: /DCIM/Camera
05-27 17:02:56.524  3510 11327 D UploadAsyncCallable: total:84300822,bytes:55683072
05-27 17:02:56.528  9065 11220 I Gallery2_Common_GLRootView: layout content pane 1440x2560 (compensation 0)
05-27 17:02:56.535  3510 11336 I CloudAlbum[8.1.2.303]: [UploadPhoto] preFileList length is 1
05-27 17:02:56.540  1116  7098 D ActivityManager: cleanUpApplicationRecord app: ProcessRecord{de76b4d 9730:com.huawei.appmarket/u0a98}, app.bad: false, restarting: false, allowRestart: true
05-27 17:02:56.542  2054 11096 E HsmCoreServiceImpl: onTransact in code is: 102
05-27 17:02:56.542  2054 11096 I MediaProcessHandler: processOp opType: 1, uid: 10098, pid: 9730
05-27 17:02:56.542  2054 11096 W MediaProcessHandler: remove target not exist, maybe the UI process: uid: 10098, pid: 9730
05-27 17:02:56.542  2054 11096 I MediaProcessHandler: executedCallBack opType: 1 mMediaStatusObservers.size=0
05-27 17:02:56.542  1116  1437 W AwareLog: SchedLevelBoost: onProcessDied config not set!
05-27 17:02:56.544  9065 11220 I Gallery2_Common_GLRootView: layout content pane 1440x2560 (compensation 0)
05-27 17:02:56.554  3510 11336 I CloudAlbum[8.1.2.303]: [OperationUtil] isAutoUploadAllow pass: /Pictures/Screenshots
05-27 17:02:56.555  3510 11336 I CloudAlbum[8.1.2.303]: [OperationUtil] no need to limit
05-27 17:02:56.555  3510 11336 I CloudAlbum[8.1.2.303]: [UploadPhoto] autoUploadToCloud, fileUpType: /Pictures/Screenshots
05-27 17:02:56.555  3510 11336 I CloudAlbum[8.1.2.303]: [OperationUtil] no need to limit
05-27 17:02:56.556  3510 11336 I CloudAlbum[8.1.2.303]: [UploadPhoto] autoUpload query local preFileList end!
05-27 17:02:56.556  3510 11336 I CloudAlbum[8.1.2.303]: [UploadPhoto] UploadPhoto autoUploadToCloud preFileList is null,upload stopped!
05-27 17:02:56.558  9065 11220 I Gallery2_Common_GLRootView: layout content pane 1440x2560 (compensation 0)
05-27 17:02:56.626  9065 11220 I chatty  : uid=10021(u0_a21) GLThread 481 identical 4 lines
05-27 17:02:56.642  9065 11220 I Gallery2_Common_GLRootView: layout content pane 1440x2560 (compensation 0)
05-27 17:02:56.644  3510  9816 E CloudAlbum[8.1.2.303]: [GeneralAlbumRequestOperator] getGeneralAlbumVersion code: 0, info: fversionQueryRsp query success
05-27 17:02:56.648  3510  4652 I hisync.CloudSpaceNotifyUtil: used=2240091786 ext=5368709120 cap=171798691840 endtime=1540051199000
05-27 17:02:56.652  3510  4652 E hisync.CloudSpaceNotifyUtil: invalid notice type : cloud_backup_space_insufficient
05-27 17:02:56.652  3510  9816 I HiAnalytics: [2018-05-27 17:02:56.652 I/hianalytics/HiAnalytics 3510:208 null:4] HiAnalytics.onEvent(int type, String eventId, Map<String, String> mapValue) is execute.
05-27 17:02:56.653  3510  9816 I CloudAlbum[8.1.2.303]: [AlbumInfoAsyncCallable] generalFversion: 15274010075162051324276:15274010075162051324276:
05-27 17:02:56.654  3510  9816 I CloudAlbum[8.1.2.303]: [AlbumInfoAsyncCallable] call fversion not change
05-27 17:02:56.654  3510  9816 I CloudAlbum[8.1.2.303]: [AlbumInfoAsyncCallable] downloadThumb, thumbType: 2
05-27 17:02:56.654  3510  9816 I CloudAlbum[8.1.2.303]: [DownloadPhoto] autoDownloadAlbumEmptyThumb, type :2,albumType :0
05-27 17:02:56.655  3510  9816 I CloudAlbum[8.1.2.303]: [FileInfoOperator] query4VoByEmptyPath
05-27 17:02:56.656  9065 10072 V Gallery2_cloud_PhotoShareUtils: msg 7041
05-27 17:02:56.656  9065 10072 D CloudLocalSyncService: --schedule-- stop cloud sync
05-27 17:02:56.656  9065 10072 D CloudLocalSyncService: localSync = 1  cloudSync = 1
05-27 17:02:56.656  9065 10072 D CloudLocalSyncService: --schedule-- start child service
05-27 17:02:56.659  9065 10072 D Gallery2_Search: start search service delay
05-27 17:02:56.662  9065 11220 I Gallery2_Common_GLRootView: layout content pane 1440x2560 (compensation 0)
05-27 17:02:56.666  3510  9816 I CloudAlbum[8.1.2.303]: [AlbumInfoAsyncCallable] downloadPhotoCover
05-27 17:02:56.666  3510  9816 I CloudAlbum[8.1.2.303]: [AlbumInfoOperator] query4Vo
05-27 17:02:56.669  9065  9065 D Gallery2_Geo: --schedule-- [onStartCommand] start reverse geo code.
05-27 17:02:56.670  3510  9905 E CloudAlbum[8.1.2.303]: [DownloadCheckCallable] downloadPhoto list is null
05-27 17:02:56.670  3510  4652 I hisync.CloudSpaceNotifyUtil: no notification satisfy rule 
05-27 17:02:56.672  3510  4652 I hisync.NotificationRuleChecker: isCloudBackupEnable : true
05-27 17:02:56.677  9065 11365 D Gallery2_Geo: total 0 should process.
05-27 17:02:56.677  9065 11365 D Gallery2_Geo: resolve local address
05-27 17:02:56.678  9065 11220 I Gallery2_Common_GLRootView: layout content pane 1440x2560 (compensation 0)
05-27 17:02:56.679  9065  9065 D Gallery2_Story_StoryAlbumService: --schedule-- [onStartCommand] start update cover
05-27 17:02:56.681  3510  9816 I CloudAlbum[8.1.2.303]: [FileInfoAsyncManage] downloadPhotoCover
05-27 17:02:56.682  3510  9816 I CloudAlbum[8.1.2.303]: [FileInfoOperator] queryLimitInfoByAlbumId
05-27 17:02:56.684  9065 11365 D Gallery2_Geo: total 0 should process.
05-27 17:02:56.684  9065 11365 D Gallery2_Geo: --schedule-- work done, stop GeoService
05-27 17:02:56.685  9065 11366 D Gallery2_Story_StoryAlbumService: --schedule-- stop job 2
05-27 17:02:56.685  9065 11366 D Gallery2_Story_StoryAlbumService: --schedule-- service killed 
05-27 17:02:56.693  9065 11220 I Gallery2_Common_GLRootView: layout content pane 1440x2560 (compensation 0)
05-27 17:02:56.694  3510  9816 I CloudAlbum[8.1.2.303]: [FileInfoAsyncManage] downloadPhotoCover
05-27 17:02:56.694  3510  9816 I CloudAlbum[8.1.2.303]: [FileInfoOperator] queryLimitInfoByAlbumId
05-27 17:02:56.699  9065  9065 D Gallery2_Geo: --schedule-- GeoService onDestroy
05-27 17:02:56.700  9065  9065 D Gallery2_Story_StoryAlbumService: --schedule-- StoryService onDestroy
05-27 17:02:56.702  3510  9816 I CloudAlbum[8.1.2.303]: [FileInfoAsyncManage] downloadPhotoCover
05-27 17:02:56.702  3510  9816 I CloudAlbum[8.1.2.303]: [FileInfoOperator] queryLimitInfoByAlbumId
05-27 17:02:56.710  9065 11220 I Gallery2_Common_GLRootView: layout content pane 1440x2560 (compensation 0)
05-27 17:02:56.713  3510  9816 I CloudAlbum[8.1.2.303]: [FileInfoAsyncManage] downloadPhotoCover
05-27 17:02:56.714  3510  9816 I CloudAlbum[8.1.2.303]: [FileInfoOperator] queryLimitInfoByAlbumId
05-27 17:02:56.721  3510  3515 I zygote64: Do partial code cache collection, code=120KB, data=90KB
05-27 17:02:56.721  3510  3515 I zygote64: After code cache collection, code=120KB, data=90KB
05-27 17:02:56.721  3510  3515 I zygote64: Increasing code cache capacity to 512KB
05-27 17:02:56.725  9065 11220 I Gallery2_Common_GLRootView: layout content pane 1440x2560 (compensation 0)
05-27 17:02:56.732  3510  9816 I CloudAlbum[8.1.2.303]: [FileInfoAsyncManage] downloadPhotoCover
05-27 17:02:56.732  3510  9816 I CloudAlbum[8.1.2.303]: [FileInfoOperator] queryLimitInfoByAlbumId
05-27 17:02:56.744  9065 11220 I Gallery2_Common_GLRootView: layout content pane 1440x2560 (compensation 0)
05-27 17:02:56.746  3510  9816 I CloudAlbum[8.1.2.303]: [FileInfoAsyncManage] downloadPhotoCover
05-27 17:02:56.746  3510  9816 I CloudAlbum[8.1.2.303]: [FileInfoOperator] queryLimitInfoByAlbumId
05-27 17:02:56.761  3510  9816 I CloudAlbum[8.1.2.303]: [FileInfoAsyncManage] downloadPhotoCover
05-27 17:02:56.761  3510  9816 I CloudAlbum[8.1.2.303]: [FileInfoOperator] queryLimitInfoByAlbumId
05-27 17:02:56.761  9065 11220 I Gallery2_Common_GLRootView: layout content pane 1440x2560 (compensation 0)
05-27 17:02:56.773  9065 11220 I Gallery2_Common_GLRootView: layout content pane 1440x2560 (compensation 0)
05-27 17:02:56.776  3510  9816 I CloudAlbum[8.1.2.303]: [OperationUtil] no need to limit
05-27 17:02:56.776  3510  9816 I CloudAlbum[8.1.2.303]: [CallBackMsgHandle] notifyUploadStatus
05-27 17:02:56.777  3510  9816 I CloudAlbum[8.1.2.303]: [FileInfoOperator] queryAllUploadFile begin
05-27 17:02:56.790  9065 11220 I Gallery2_Common_GLRootView: layout content pane 1440x2560 (compensation 0)
05-27 17:02:56.799  3510  9816 I CloudAlbum[8.1.2.303]: [FileInfoOperator] queryAllUploadFile pic video counts: 2, 0, 1
05-27 17:02:56.804  9065 10031 V Gallery2_cloud_PhotoShareUtils: msg 7016
05-27 17:02:56.808  9065 11220 I Gallery2_Common_GLRootView: layout content pane 1440x2560 (compensation 0)
05-27 17:02:56.808  3510  9816 I CloudAlbum[8.1.2.303]: [FVersionQueryRequest] type: 4
05-27 17:02:56.824  9065 11220 I Gallery2_Common_GLRootView: layout content pane 1440x2560 (compensation 0)
05-27 17:02:56.907  9065 11220 I chatty  : uid=10021(u0_a21) GLThread 481 identical 5 lines
05-27 17:02:56.923  9065 11220 I Gallery2_Common_GLRootView: layout content pane 1440x2560 (compensation 0)
05-27 17:02:56.994  3510  9816 I HiAnalytics: [2018-05-27 17:02:56.993 I/hianalytics/HiAnalytics 3510:208 null:4] HiAnalytics.onEvent(int type, String eventId, Map<String, String> mapValue) is execute.
05-27 17:02:56.996  3510  9816 I CloudAlbum[8.1.2.303]: [AlbumInfoAsyncCallable] recycleFversion 1527345794398-1244716405:1527345794398-1244716405
05-27 17:02:56.996  3510  9816 I CloudAlbum[8.1.2.303]: [AlbumInfoAsyncCallable] downloadThumb, thumbType: 2
05-27 17:02:56.999  3510  9816 I CloudAlbum[8.1.2.303]: [DownloadPhoto] autoDownloadAlbumEmptyThumb, type :2,albumType :1
05-27 17:02:57.015  3510  9905 E CloudAlbum[8.1.2.303]: [DownloadCheckCallable] downloadPhoto list is null
05-27 17:02:57.015  3510  9816 I CloudAlbum[8.1.2.303]: [AlbumInfoOperator] query4Vo
05-27 17:02:57.031  3510  9816 I CloudAlbum[8.1.2.303]: [FileInfoAsyncManage] downloadPhotoCover
05-27 17:02:57.032  3510  9816 I CloudAlbum[8.1.2.303]: [FileInfoOperator] queryLimitInfoByAlbumId
05-27 17:02:57.042   540   540 I audio_hw_primary: usb_ext_get_parameters: check show hires (false)
05-27 17:02:57.043   601  7554 I hash_map_utils: key: 'typec_need_show_hires' value: ''
05-27 17:02:57.045  1116  1116 I HwAudioService: check HiRes Icon false
05-27 17:02:57.046  1116  1116 W ActivityManager: Sending non-protected broadcast huawei.intent.action.hideHiResIcon from system uid 1000 pkg null
05-27 17:02:57.046  1116  1116 I HwAudioService: broadcastHiresIntent : false
05-27 17:02:57.048  1565  1565 D StatusBarIconController: setIconVisibility icon is null or visibility not change visibility=false
05-27 17:02:57.053  3510  9816 I CloudAlbum[8.1.2.303]: [FileInfoAsyncManage] downloadPhotoCover
05-27 17:02:57.054  3510  9816 I CloudAlbum[8.1.2.303]: [FileInfoOperator] queryLimitInfoByAlbumId
05-27 17:02:57.076  3510  9816 I CloudAlbum[8.1.2.303]: [FileInfoAsyncManage] downloadPhotoCover
05-27 17:02:57.076  3510  9816 I CloudAlbum[8.1.2.303]: [FileInfoOperator] queryLimitInfoByAlbumId
05-27 17:02:57.094  3510  9816 I CloudAlbum[8.1.2.303]: [FileInfoAsyncManage] downloadPhotoCover
05-27 17:02:57.095  3510  9816 I CloudAlbum[8.1.2.303]: [FileInfoOperator] queryLimitInfoByAlbumId
05-27 17:02:57.107 11330 11330 W kworker/u16:6: type=1400 audit(0.0:1217): avc: denied { dac_override } for capability=1 scontext=u:r:kernel:s0 tcontext=u:r:kernel:s0 tclass=capability permissive=0
05-27 17:02:57.112  3510  9816 I CloudAlbum[8.1.2.303]: [FileInfoAsyncManage] downloadPhotoCover
05-27 17:02:57.112  3510  9816 I CloudAlbum[8.1.2.303]: [FileInfoOperator] queryLimitInfoByAlbumId
05-27 17:02:57.123  3510  9816 I CloudAlbum[8.1.2.303]: [FileInfoAsyncManage] downloadPhotoCover
05-27 17:02:57.123  3510  9816 I CloudAlbum[8.1.2.303]: [FileInfoOperator] queryLimitInfoByAlbumId
05-27 17:02:57.142  3510  9816 I CloudAlbum[8.1.2.303]: [FileInfoAsyncManage] downloadPhotoCover
05-27 17:02:57.146  3510  9816 I CloudAlbum[8.1.2.303]: [FileInfoOperator] queryLimitInfoByAlbumId
05-27 17:02:57.164  3510  9816 I CloudAlbum[8.1.2.303]: [AlbumInfoOperator] query4Vo
05-27 17:02:57.197  3510  9816 E CloudAlbum[8.1.2.303]: [RecycleAsyncLogic] uniqueIds is null or empty
05-27 17:02:57.214  3510  9816 I CloudAlbum[8.1.2.303]: [RecycleAsyncLogic] handleRestoreFile lastId：-1
05-27 17:02:57.215  3510  9816 I CloudAlbum[8.1.2.303]: [AlbumInfoOperator] query4Vo
05-27 17:02:57.234  3510  9816 I CloudAlbum[8.1.2.303]: [RecycleFileOperator] queryDeleteFileByAlbumId,albumId is:default-album-1, id is :0
05-27 17:02:57.250  1116  1116 I TrafficMonitor: update:rxPkts:117,txPkts:354,rxBytes:21228,txBytes:454231
05-27 17:02:57.250  1116  1116 I TrafficMonitor: no expired. level:2
05-27 17:02:57.250  1116  1116 I TrafficMonitor: gettimer:interval=2000
05-27 17:02:57.250  1116  1116 I TrafficMonitor: during_ms:2002,period_ms:2000
05-27 17:02:57.250  1116  1116 I TrafficMonitor: count:808,rx_sum:117,tx_sum:354,rxBytes:21228,during_ms:2002,rx_speed:10603.396603396604,tx_speed:226888.6113886114,rto:0.3305084745762712
05-27 17:02:57.250  1116  1116 D HuaweiWifiWatchdogStateMachine: speed: rxpkt:117, rxSpd:10603B/s, txpkt:354, txSpd:226888
05-27 17:02:57.267  3510  9816 W CloudAlbum[8.1.2.303]: [AlbumInfoAsyncCallable] processDeleteFile fileList is null or empty
05-27 17:02:57.282  3510  9816 I CloudAlbum[8.1.2.303]: [RecycleFileOperator] queryDeleteFileByAlbumId,albumId is:default-album-2, id is :0
05-27 17:02:57.315  3510  9816 W CloudAlbum[8.1.2.303]: [AlbumInfoAsyncCallable] processDeleteFile fileList is null or empty
05-27 17:02:57.335  3510  9816 I CloudAlbum[8.1.2.303]: [RecycleFileOperator] queryDeleteFileByAlbumId,albumId is:default-album-200--1640216291-1518083472900, id is :0
05-27 17:02:57.361  3510  9816 W CloudAlbum[8.1.2.303]: [AlbumInfoAsyncCallable] processDeleteFile fileList is null or empty
05-27 17:02:57.373  3510  9816 I CloudAlbum[8.1.2.303]: [RecycleFileOperator] queryDeleteFileByAlbumId,albumId is:default-album-200--1862546177-1525086726252, id is :0
05-27 17:02:57.376  1116  1455 D HwWifiStatStore: handleMessage : 200
05-27 17:02:57.400  3510  9816 W CloudAlbum[8.1.2.303]: [AlbumInfoAsyncCallable] processDeleteFile fileList is null or empty
05-27 17:02:57.412  3510  9816 I CloudAlbum[8.1.2.303]: [RecycleFileOperator] queryDeleteFileByAlbumId,albumId is:default-album-200--296273680-1494985246511, id is :0
05-27 17:02:57.432  3510  9816 W CloudAlbum[8.1.2.303]: [AlbumInfoAsyncCallable] processDeleteFile fileList is null or empty
05-27 17:02:57.434  1565  1565 I NetworkSpeedManagerEx: mIsStop = false
05-27 17:02:57.434  1565  1737 I NetworkSpeedManagerEx:  runInThread getTetherStats
05-27 17:02:57.438  1565  1565 I NetworkSpeedManagerEx:  runInUI refreshSpeed
05-27 17:02:57.446  3510  9816 I CloudAlbum[8.1.2.303]: [RecycleFileOperator] queryDeleteFileByAlbumId,albumId is:default-album-200-270160717-1515511048357, id is :0
05-27 17:02:57.449  1565  1565 I NetworkSpeedManagerEx: value=226966.33speed = 221
05-27 17:02:57.449  1565  1565 I NetworkSpeedManagerEx: K/smIsShowLastSpeedValuefalse
05-27 17:02:57.449  1565  1565 I NetworkSpeedView: /update(), speed=221
05-27 17:02:57.449  1565  1565 I NetworkSpeedView: K/s parent class:class com.android.systemui.statusbar.HwSystemIcons
05-27 17:02:57.460  3510  9816 W CloudAlbum[8.1.2.303]: [AlbumInfoAsyncCallable] processDeleteFile fileList is null or empty
05-27 17:02:57.490  3510  9816 I CloudAlbum[8.1.2.303]: [RecycleFileOperator] queryDeleteFileByAlbumId,albumId is:default-album-200-500972808-1515511048357, id is :0
05-27 17:02:57.534  3510  9816 W CloudAlbum[8.1.2.303]: [AlbumInfoAsyncCallable] processDeleteFile fileList is null or empty
05-27 17:02:57.542  1116  1511 D HwArpVerifier: getIpRouteTable
05-27 17:02:57.570  3510  9816 W CloudAlbum[8.1.2.303]: [RecycleFileOperator] queryRecoverFile no record
05-27 17:02:57.579  3510  9816 I CloudAlbum[8.1.2.303]: [AlbumInfoAsyncCallable] modifyGeneralAlbum
05-27 17:02:57.580  1565  1565 I NetworkSpeedManagerEx: mIsStop = false
05-27 17:02:57.581  3510  9816 I CloudAlbum[8.1.2.303]: [AlbumInfoOperator] queryByAlbumName
05-27 17:02:57.582  1565  1737 I NetworkSpeedManagerEx:  runInThread getTetherStats
05-27 17:02:57.584  1565  1565 I NetworkSpeedManagerEx:  runInUI refreshSpeed
05-27 17:02:57.586  1565  1565 I NetworkSpeedManagerEx: value=181441.0speed = 177
05-27 17:02:57.586  1565  1565 I NetworkSpeedManagerEx: K/smIsShowLastSpeedValuefalse
05-27 17:02:57.586  1565  1565 I NetworkSpeedView: /update(), speed=177
05-27 17:02:57.586  1565  1565 I NetworkSpeedView: K/s parent class:class com.android.systemui.statusbar.HwSystemIcons
05-27 17:02:57.603  3510  9816 I CloudAlbum[8.1.2.303]: [AlbumInfoAsyncCallable] modifyGeneralFile
05-27 17:02:57.604  3510  9816 I CloudAlbum[8.1.2.303]: [AlbumInfoOperator] query4Vo
05-27 17:02:57.613  3510  9816 I CloudAlbum[8.1.2.303]: [FileInfoOperator] queryRenameFileByAlbumId begin
05-27 17:02:57.614  1116  1511 D HwArpVerifier: Notify wifi default route is ok
05-27 17:02:57.636  3510  9816 I CloudAlbum[8.1.2.303]: [FileInfoOperator] queryRenameFileByAlbumId begin
05-27 17:02:57.700  3510  9816 I chatty  : uid=1001(radio) pool-101-thread identical 4 lines
05-27 17:02:57.752  3510  9816 I CloudAlbum[8.1.2.303]: [FileInfoOperator] queryRenameFileByAlbumId begin
05-27 17:02:57.796  3510  9816 I HiAnalytics: [2018-05-27 17:02:57.794 I/hianalytics/HiAnalytics 3510:208 null:4] HiAnalytics.onEvent(int type, String eventId, Map<String, String> mapValue) is execute.
05-27 17:02:57.809  3510  9816 I CloudAlbum[8.1.2.303]: [AutoDownloadLcdCallable] not limit, downloadLCD
05-27 17:02:57.810  3510  9816 I CloudAlbum[8.1.2.303]: [DownloadPhoto] autoDownloadLcdLimit count: 2000
05-27 17:02:57.811  3510  9816 I CloudAlbum[8.1.2.303]: [FileInfoOperator] queryLimitFileInfo
05-27 17:02:57.845  3510  9816 I CloudAlbum[8.1.2.303]: [DownloadPhoto] autoDownloadGeneralLcdLimit fileList is null or empty
05-27 17:02:57.872  3510  9816 I CloudAlbum[8.1.2.303]: [RecycleFileOperator] queryLimitFileInfo count is: 1
05-27 17:02:57.873  3510  9816 I CloudAlbum[8.1.2.303]: [DownloadPhoto] autoDownloadRecycleLcdLimit recycleFileList is null or empty
05-27 17:02:57.873  3510  9816 I CloudAlbum[8.1.2.303]: [DownloadPhoto] autoDownloadShareEmptyThumb, type1
05-27 17:02:57.877  3510  9905 E CloudAlbum[8.1.2.303]: [DownloadCheckCallable] downloadPhoto list is null
05-27 17:02:57.922   619  3393 I Pged-IPgedBinderService: ****action is 2, pid num is 2***
05-27 17:02:57.922   619  3393 I Pged-Freezer: thawPids
05-27 17:02:57.925  2080  2293 D PgedBinderAdapter: unfrz ok, pid: [11186]
05-27 17:02:58.365  1116  1511 D HwArpVerifier: check_wifi_state_mode = 0 mCheckStateToken=7 token7
05-27 17:02:58.367  1116  1511 D wifiserviceimpl: netmask =16777215
05-27 17:02:58.385  1116  1511 D HWMultiGW: setGateWay 192.168.1.1
05-27 17:02:58.405   614   614 E wificond: Failed to get NL80211_RATE_INFO_NOISE
05-27 17:02:58.405   614   614 E wificond: Failed to get NL80211_RATE_INFO_SNR
05-27 17:02:58.405   614   614 E wificond: Failed to get NL80211_STA_INFO_CNAHLOAD
05-27 17:02:58.407  1116  1454 E WificondControl: Noise: 0, Snr: -1, Chload: -1
05-27 17:02:58.415  1116  1456 D HwWifiCHRStateManager: handleMessage : 1001
05-27 17:02:58.415  1116  1456 D HwWifiCHRStateManager: handleUpdateChannel:2462
05-27 17:02:58.415  1116  1456 V HwWifiServiceFactory: get AllImpl object = com.android.server.wifi.HwWifiServiceFactoryImpl@d4707e9
05-27 17:02:58.417   614   614 E wificond: Failed to get NL80211_RATE_INFO_NOISE
05-27 17:02:58.417   614   614 E wificond: Failed to get NL80211_RATE_INFO_SNR
05-27 17:02:58.417   614   614 E wificond: Failed to get NL80211_STA_INFO_CNAHLOAD
05-27 17:02:58.420  1116  1525 D HuaweiWifiWatchdogStateMachine: LM mrssi=-31
05-27 17:02:58.420  1116  1525 D HuaweiWifiWatchdogStateMachine: bc:d1:**:**:b0:1c current loss[-45]=0%, volume=502
05-27 17:02:58.420  1116  1525 D HuaweiWifiWatchdogStateMachine: bc:d1:**:**:b0:1c history loss[-45]=0%, volume=2301860
05-27 17:02:58.423  1116  1116 D WiFi_PRO: MSG_RETURN_AP_CURRY_RSSI rssi = -31
05-27 17:02:58.423  1116  1116 I QosMonitor: queryRtt: rtt_type = 3
05-27 17:02:58.425  1116  1116 I HwQoEJNI: send_cmd_kernel. begin
05-27 17:02:58.426  1116  1116 I HwQoEJNI: send_cmd_kernel. end
05-27 17:02:58.427  1116  1116 I QosMonitor: postEventFromNative: msg=100,arg1=4,arg2=10
05-27 17:02:58.428  1116  1116 D HuaweiWifiWatchdogStateMachine: bc:d1:**:**:b0:1c current RTT[-45]=256, volume=108
05-27 17:02:58.429  1116  1116 D HuaweiWifiWatchdogStateMachine: bc:d1:**:**:b0:1c history RTT[-45]=262, volume=155091
05-27 17:02:58.429  1116  1116 D HuaweiWifiWatchdogStateMachine: setSampleRtt: rtt=256,rtt_pkts =108,rtt_when=1
05-27 17:02:58.429  1116  1116 I QosMonitor: resetRtt: rtt_type = 3
05-27 17:02:58.430  1116  1116 I HwQoEJNI: send_cmd_kernel. begin
05-27 17:02:58.430  1116  1116 I HwQoEJNI: send_cmd_kernel. end
05-27 17:02:58.434  1116  1525 I HuaweiWifiWatchdogStateMachine: spd good count:0, add sc:0.0, rate:1.0
05-27 17:02:58.434  1116  1525 I HuaweiWifiWatchdogStateMachine: current mHighDataFlowRate = 1.0
05-27 17:02:58.434  1116  1525 I HuaweiWifiWatchdogStateMachine: POta txb txg rxg:0, 502, 0. Lr =0% Totpkt=502
05-27 17:02:58.435  1116  1116 I HwQoEJNI: send_cmd_kernel. begin
05-27 17:02:58.436  1116  2893 D HwUidTcpMonitor: parseWlanUidTcpStatistics lastUidTcpStatInfo = [ mUid = 1001 mPacketName = android.uid.phone:1001 mSendSegs = 37417 mResendSegs = 16 mRcvSegs = 7858 ]
05-27 17:02:58.436  1116  1116 I HwQoEJNI: send_cmd_kernel. end
05-27 17:02:58.437  1116  2893 D HwUidTcpMonitor: parseWlanUidTcpStatistics lastUidTcpStatInfo = [ mUid = 10134 mPacketName = com.tencent.mm mSendSegs = 66 mResendSegs = 5 mRcvSegs = 48 ]
05-27 17:02:58.437  1116  1116 I QosMonitor: postEventFromNative: msg=100,arg1=0,arg2=10
05-27 17:02:58.438  1116  1116 I MQoS    : rtt=256,tcp_tx_pkts=89105,tcp_rx_pkts=71817
05-27 17:02:58.441  1116  1525 D HuaweiWifiWatchdogStateMachine: dumpTcpResult: len=10,rtt=256,rttPkt=108,rttWn=1,cgt=0,cgtWn=0
05-27 17:02:58.441  1116  1525 I HuaweiWifiWatchdogStateMachine: PTcp RTT:256, rtt pkt=108, tcp_rx=146, tcp_tx=499, tcp_reTran=0, rtRate=0
05-27 17:02:58.441  1116  1525 D HuaweiWifiWatchdogStateMachine: isRttGood is good, AvgRtt = 256, TotPkt = 108
05-27 17:02:58.441  1116  1525 D HuaweiWifiWatchdogStateMachine: mRssiBadCount =0, RSSI not bad.
05-27 17:02:58.441  1116  1525 I HuaweiWifiWatchdogStateMachine:  pkt chk not bad, reset sc to 0.
05-27 17:02:58.441  1116  1525 I HuaweiWifiWatchdogStateMachine: net speed good
05-27 17:02:58.441  1116  1525 D HuaweiWifiWatchdogStateMachine: bqeLevel = 3 rtt=256,rtt_pkts=108 speed=10603 rssi=-31
05-27 17:02:58.441  1116  1525 D HuaweiWifiWatchdogStateMachine: Enter updateQoeLevel level = 3
05-27 17:02:58.441  1116  1525 D HuaweiWifiWatchdogStateMachine: updateQoeLevel current level equal to mLastDetectLevel, return
05-27 17:02:58.441  1116  1525 D HuaweiWifiWatchdogStateMachine: ### mPktChkBadCnt=0
05-27 17:02:58.446  1116  5384 I MQoS    : QOS_level:5(5),wifi-link;use signalLvl:5;RAT:4G
05-27 17:02:58.638   560   560 E WifiHAL : enter wifi_get_link_stats
05-27 17:02:58.641   614   614 E wificond: Failed to get NL80211_RATE_INFO_NOISE
05-27 17:02:58.641   614   614 E wificond: Failed to get NL80211_RATE_INFO_SNR
05-27 17:02:58.641   614   614 E wificond: Failed to get NL80211_STA_INFO_CNAHLOAD
05-27 17:02:58.641  1116  1454 E WificondControl: Noise: 0, Snr: -1, Chload: -1
05-27 17:02:58.642  1116  1456 D HwWifiCHRStateManager: handleMessage : 1001
05-27 17:02:58.642  1116  1456 D HwWifiCHRStateManager: handleUpdateChannel:2462
05-27 17:02:58.642  1116  1456 V HwWifiServiceFactory: get AllImpl object = com.android.server.wifi.HwWifiServiceFactoryImpl@d4707e9
05-27 17:02:58.644  1116  1454 D WifiScoreReport: Score = 100, wifiConnectivityManagerEnabled = false, lowScoreCount = 0
05-27 17:02:58.788   613   613 E Thermal-daemon: [ap] temp_new :38  temp_old :37
05-27 17:02:58.790  2080  2099 I ThermalService: Receive temperature change, type: 0, temp: 38 from thermald
05-27 17:02:58.790   613   613 E Thermal-daemon: Report temperature: [ap] temp :38  report_threshold:1
05-27 17:02:58.791  2080  2700 D HwThermalStateManager: Thermal type: 0 cur_temperature:38
05-27 17:02:58.806  3510 11327 I CloudAlbum[8.1.2.303]: [OperationUtil] isAutoUploadAllow pass: /DCIM/Camera
05-27 17:02:58.807  3510 11327 D UploadAsyncCallable: total:84300822,bytes:56119296
05-27 17:02:58.862  1116  1441 D libfingersense_wrapper: Calling fingersense_classify_touch()
05-27 17:02:58.867  1116  1441 D libfingersense_wrapper: fingersense_classify_touch() finished
05-27 17:02:58.890  9065  9065 D Gallery2_Common_ListSlotView: action_down: pressure value:0.3137255
05-27 17:02:58.969  9065 11220 I Gallery2_Common_GLRootView: layout content pane 1440x2560 (compensation 0)
05-27 17:02:58.995  8785  8785 W kworker/u16:5: type=1400 audit(0.0:1218): avc: denied { dac_override } for capability=1 scontext=u:r:kernel:s0 tcontext=u:r:kernel:s0 tclass=capability permissive=0
05-27 17:02:59.007  9065 11220 I Gallery2_Common_GLRootView: layout content pane 1440x2560 (compensation 0)
05-27 17:02:59.049  9065 11220 I chatty  : uid=10021(u0_a21) GLThread 481 identical 2 lines
05-27 17:02:59.058  9065 11220 I Gallery2_Common_GLRootView: layout content pane 1440x2560 (compensation 0)
05-27 17:02:59.067  1116  1441 D libfingersense_wrapper: Calling fingersense_touch_up()
05-27 17:02:59.067  1116  1441 D libfingersense_wrapper: fingersense_touch_up() finished
05-27 17:02:59.087  9065 11220 I Gallery2_Common_GLRootView: layout content pane 1440x2560 (compensation 0)
05-27 17:02:59.101  9065  9065 V photoshareLogTag: onScrollOverDone
05-27 17:02:59.102  9065  9065 V Gallery2_Common_RefreshHelper: refreshAlbum too often
05-27 17:02:59.103  9065 11220 I Gallery2_Common_GLRootView: layout content pane 1440x2560 (compensation 0)
05-27 17:02:59.221  9065 11220 I chatty  : uid=10021(u0_a21) GLThread 481 identical 7 lines
05-27 17:02:59.236  9065 11220 I Gallery2_Common_GLRootView: layout content pane 1440x2560 (compensation 0)
05-27 17:02:59.251  1116  1116 I TrafficMonitor: update:rxPkts:19,txPkts:210,rxBytes:760,txBytes:307792
05-27 17:02:59.252  1116  1116 I TrafficMonitor: start expired. level:-1
05-27 17:02:59.252  1116  1116 I TrafficMonitor: gettimer:interval=2000
05-27 17:02:59.252  9065 11220 I Gallery2_Common_GLRootView: layout content pane 1440x2560 (compensation 0)
05-27 17:02:59.335  9065 11220 I chatty  : uid=10021(u0_a21) GLThread 481 identical 5 lines
05-27 17:02:59.352  9065 11220 I Gallery2_Common_GLRootView: layout content pane 1440x2560 (compensation 0)
05-27 17:02:59.359  8785  8785 W kworker/u16:5: type=1400 audit(0.0:1219): avc: denied { dac_override } for capability=1 scontext=u:r:kernel:s0 tcontext=u:r:kernel:s0 tclass=capability permissive=0
05-27 17:02:59.367  9065 11220 I Gallery2_Common_GLRootView: layout content pane 1440x2560 (compensation 0)
05-27 17:02:59.384  9065 11220 I Gallery2_Common_GLRootView: layout content pane 1440x2560 (compensation 0)
05-27 17:02:59.387  1116  1511 D HwArpVerifier: getGateWayARPResponses: arp rtt = 17
05-27 17:02:59.387  1116  1511 E HwCHRWifiRSSIGroupSummery: updatArpSummery mRSSI:-31  HwCHRWifiRSSIGroup [rssi_index=4, rtt_tcp_packets=0, rtt_tcp_duration=0, rtt_lan_duration=838, rtt_lan_failures=0, rtt_lan_succ=60, rtt_lan_max=114, rtt_lan_min=1,same_area_frequency=0,adjacent_area_frequency=0]
05-27 17:02:59.399  1116  1511 D HwArpVerifier: There are 1 mac address for gateway 
05-27 17:02:59.399  1116  1511 D HwArpVerifier: from HEART_CHECK transmit to state:HEART_CHECK
05-27 17:02:59.399  1116  1511 D HwArpVerifier: msg what=124 arg1(token)=7 arg2(mode)=0 delay=30000
05-27 17:02:59.399  1116  1511 D HwArpVerifier: performPollAndLog:
05-27 17:02:59.401  9065 11220 I Gallery2_Common_GLRootView: layout content pane 1440x2560 (compensation 0)
05-27 17:02:59.402  1116  1511 D hw_netstat: total/23251/966303,android.uid.phone:1001/22022/966027,unknown:0/1229/276
05-27 17:02:59.418  9065 11220 I Gallery2_Common_GLRootView: layout content pane 1440x2560 (compensation 0)
05-27 17:02:59.683  9065 11220 I chatty  : uid=10021(u0_a21) GLThread 481 identical 15 lines
05-27 17:02:59.708  9065 11220 I Gallery2_Common_GLRootView: layout content pane 1440x2560 (compensation 0)
05-27 17:02:59.716  9437 11367 D Gallery2_Search: wait to Join thread.
05-27 17:02:59.716  9437 11367 D Gallery2_Search: Join thread done. cost time: 0
05-27 17:02:59.717  9437 11367 W Gallery2_Search: locked false
05-27 17:02:59.729  9065 11220 I Gallery2_Common_GLRootView: layout content pane 1440x2560 (compensation 0)
05-27 17:02:59.786  9437 11367 D Gallery2_Search: clear invalid index. commit 0
05-27 17:02:59.802  9437 11367 D Gallery2_Search: clear invalid index, count: 0
05-27 17:02:59.916  9437 11367 D Gallery2_Search: upgrade  0 item for null 
05-27 17:03:00.011  1116  1116 V AlarmManager: Received TIME_TICK alarm; rescheduling
05-27 17:03:00.015  1116  1116 I HwAlarmManagerService: hwSetAlarm listenerTag: time_tick
05-27 17:03:00.015  9437 11367 D Gallery2_Search: localized. sleep 2500
05-27 17:03:00.037  1565  1565 W HwKeyguardDragHelper: AnimationBlocked
05-27 17:03:00.044  1565  1565 E DateView: DateView,mCurrentTime: 1527411780044
05-27 17:03:00.054  1565  1565 I EventCenter: EventCenter Get :android.intent.action.TIME_TICK
05-27 17:03:00.059  1565  1565 W HwKeyguardDragHelper: AnimationBlocked
05-27 17:03:00.090  1565  1565 W ResourceType: No known package when getting value for resource number 0xffffffff
05-27 17:03:00.091  1565  1565 E DateLunarView: mDateString is: 5月27日星期日
05-27 17:03:00.106  1565  1565 W ResourceType: No known package when getting value for resource number 0xffffffff
05-27 17:03:00.106  1565  1565 E DateLunarView: mDateString is: 5月27日星期日
05-27 17:03:00.107  1565  1565 D KeyguardUpdateMonitor: received broadcast android.intent.action.TIME_TICK
05-27 17:03:00.108  1565  1565 D KeyguardUpdateMonitor: handleTimeUpdate
05-27 17:03:00.108  1565  1750 I KeyguardStatusView: Runnable for refresh
05-27 17:03:00.147  3915  3915 I HwLauncher: Model  onReceive intent=Intent { act=android.intent.action.TIME_TICK flg=0x50200014 hwFlg=0x900 (has extras) }
05-27 17:03:00.147  3915  3915 I HwLauncher: Model  onReceive user=UserHandle{0}
05-27 17:03:00.159  1565  1565 D DateTimeView: Change to single clock mode!
05-27 17:03:00.177  1565  1565 D DateTimeView: Change to single clock mode!
05-27 17:03:00.224  1565  1565 W HwKeyguardDragHelper: AnimationBlocked
05-27 17:03:00.248  3770  3770 I [HwRecSys]TimerController: onMinuteChange requestWeather
05-27 17:03:00.260  1116  7098 V BroadcastQueue: Finished with ordered broadcast BroadcastRecord{7d75a66 u-1 android.intent.action.TIME_TICK}
05-27 17:03:00.381  1116  1455 D HwWifiStatStore: handleMessage : 200
05-27 17:03:00.453  1565  1565 I NetworkSpeedManagerEx: mIsStop = false
05-27 17:03:00.453  1565  1737 I NetworkSpeedManagerEx:  runInThread getTetherStats
05-27 17:03:00.459  1565  1565 I NetworkSpeedManagerEx:  runInUI refreshSpeed
05-27 17:03:00.472  1565  1565 I NetworkSpeedManagerEx: value=144458.33speed = 141
05-27 17:03:00.472  1565  1565 I NetworkSpeedManagerEx: K/smIsShowLastSpeedValuefalse
05-27 17:03:00.473  1565  1565 I NetworkSpeedView: /update(), speed=141
05-27 17:03:00.473  1565  1565 I NetworkSpeedView: K/s parent class:class com.android.systemui.statusbar.HwSystemIcons
05-27 17:03:00.513  3510 11327 I CloudAlbum[8.1.2.303]: [OperationUtil] isAutoUploadAllow pass: /DCIM/Camera
05-27 17:03:00.514  3510 11327 D UploadAsyncCallable: total:84300822,bytes:56399872
05-27 17:03:00.586  1565  1565 I NetworkSpeedManagerEx: mIsStop = false
05-27 17:03:00.587  1565  1737 I NetworkSpeedManagerEx:  runInThread getTetherStats
05-27 17:03:00.589  1565  1565 I NetworkSpeedManagerEx:  runInUI refreshSpeed
05-27 17:03:00.598  1565  1565 I NetworkSpeedManagerEx: value=147938.33speed = 144
05-27 17:03:00.598  1565  1565 I NetworkSpeedManagerEx: K/smIsShowLastSpeedValuefalse
05-27 17:03:00.598  1565  1565 I NetworkSpeedView: /update(), speed=144
05-27 17:03:00.598  1565  1565 I NetworkSpeedView: K/s parent class:class com.android.systemui.statusbar.HwSystemIcons
05-27 17:03:00.791  1116  1126 I zygote64: Background concurrent copying GC freed 57806(2MB) AllocSpace objects, 11(492KB) LOS objects, 33% free, 47MB/71MB, paused 4.154ms total 311.227ms
05-27 17:03:01.103  1116  1116 I MQoS    : onSignal: mSubId=0,currDataSubID=0
05-27 17:03:01.104  1116  1116 I MQoS    : received cell-signal:5
05-27 17:03:01.105  1116  1310 D SmartcareProc: onSignalStrengthsChanged: signalStrength is: SignalStrength: 0 -1 0 255 -81 -137 32767 -1 32767 99 -99 -11 -5 2147483647 0 -1 true gw|lte , on sub: 0
05-27 17:03:01.105  1116  1310 D SmartcareProc: SignalStrength update result, ss: SignalStrengthInfo:239425186 mGsmSignalStrength: -1 mWcdmaRscp: -1 mWcdmaEcio: 255 mLteRsrp: -99 mLteRsrq: -11 mCdmaDbm: -81 mCdmaEcio: -137 mEvdoDbm: 32767mEvdoEcio: -1mLteRssnr: -5
05-27 17:03:01.128  1565  1737 I HwMobileSignalController(0): subId:0 phoneType:2 networktype:13 targetClass:3 masterLevel:4 slaveLevel:5
05-27 17:03:01.254  1116  1116 I TrafficMonitor: update:rxPkts:19,txPkts:124,rxBytes:863,txBytes:177760
05-27 17:03:01.254  1116  1116 I TrafficMonitor: start expired. level:-1
05-27 17:03:01.254  1116  1116 I TrafficMonitor: gettimer:interval=2000
05-27 17:03:01.412   489  1056 W SocketListener: sending broadcast to Pid = 1116, Uid = 1000 
05-27 17:03:01.418  1116  1449 D NetdConnector: RCV <- {601 limit alert globalAlert wlan0}
05-27 17:03:01.420  1116  1449 D NetdConnector: RCV <- {601 limit alert globalAlert wlan0}
05-27 17:03:01.422  1116  1307 D NetdConnector: RCV unsolicited event from native daemon, event = 601
05-27 17:03:01.431  1116  1450 D NetdConnector: SND -> {579 bandwidth gettetherstats}
05-27 17:03:01.434  1116  1449 D NetdConnector: RCV <- {200 579 Tethering stats list completed}
05-27 17:03:01.445  1116  1449 D NetdConnector: RCV <- {200 579 Tethering stats list completed}
05-27 17:03:01.462  1116  1450 W NetworkStatsFactory: mStatsXtProcUid: /proc/net/comm/stats does not exist!
05-27 17:03:01.463  1116  1450 D HwNetworkStatsService: hwRecordUidAndProcSnapshotLocked currentTime = 1527411782439
05-27 17:03:01.486  1116  1450 I NetworkStatsFactory: javaReadNetworkStatsUidAndProcDetail. cost time = 22
05-27 17:03:01.520  1116  1450 D NetdConnector: SND -> {580 bandwidth setglobalalert 2097152}
05-27 17:03:01.521  1116  1449 D NetdConnector: RCV <- {200 580 Bandwidth command succeeeded}
05-27 17:03:01.542   603  3430 D DE N ACA: updateParam:145: mFilteredCct = 5402.000000, mAscendDeltaCctMax = 990.200012, mDescendDeltaCctMax = 935.299988
05-27 17:03:01.542   603  3430 D DE N SR : setAmbientParam:938: DE_SCENE_ACTION_AMBIENT_CHANGE set mLux:87 mCt:5402
05-27 17:03:01.542   603  1497 D DE N HWC: onNotify:122: set FEATURE_CONTRAST mAmbientLux:87
05-27 17:03:01.542   603  1497 D DE N HW : setEffect:71: FEATURE_CONTRAST mode:0x23 size:4
05-27 17:03:01.542   547   547 D DE H DE : setHardwareEffect:212: FEATURE_CONTRAST 0x23
05-27 17:03:01.649   560   560 E WifiHAL : enter wifi_get_link_stats
05-27 17:03:01.662   614   614 E wificond: Failed to get NL80211_RATE_INFO_NOISE
05-27 17:03:01.663   614   614 E wificond: Failed to get NL80211_RATE_INFO_SNR
05-27 17:03:01.663   614   614 E wificond: Failed to get NL80211_STA_INFO_CNAHLOAD
05-27 17:03:01.663  1116  1454 E WificondControl: Noise: 0, Snr: -1, Chload: -1
05-27 17:03:01.664  1116  1456 D HwWifiCHRStateManager: handleMessage : 1001
05-27 17:03:01.664  1116  1456 D HwWifiCHRStateManager: handleUpdateChannel:2462
05-27 17:03:01.664  1116  1456 V HwWifiServiceFactory: get AllImpl object = com.android.server.wifi.HwWifiServiceFactoryImpl@d4707e9
05-27 17:03:01.666  1116  1454 D WifiScoreReport: Score = 100, wifiConnectivityManagerEnabled = false, lowScoreCount = 0
05-27 17:03:01.830  1116  7098 V BroadcastQueue: Finished with ordered broadcast BroadcastRecord{520c1a7 u0 com.tencent.mm.plugin.report.service.KVCommCrossProcessReceiver}
05-27 17:03:02.251  1116  1116 I TrafficMonitor: expired arrive. level:-1
05-27 17:03:02.251  1116  1116 I TrafficMonitor: during_ms:2003,period_ms:2000
